// Jest Snapshot v1, https://goo.gl/fbAQLP

exports[`resetBtn works! 1`] = `
.c0 {
  -webkit-appearance: none;
  -moz-appearance: none;
  appearance: none;
  border: none;
  border-radius: 0;
  background: none;
  margin: 0;
  padding: 0;
  font: inherit;
  line-height: inherit;
  color: inherit;
  cursor: pointer;
  outline: none;
}

<div
  className="c0"
/>
`;
