// Jest Snapshot v1, https://goo.gl/fbAQLP

exports[`it works 1`] = `
.c0 {
  background-position: center;
  background-size: cover;
  background-repeat: no-repeat;
}

<div
  className="c0"
/>
`;
